<html>
<body>
<pre>
<h1>µVision Build Log</h1>
<h2>Tool Versions:</h2>
IDE-Version: £gVision V5.20.0.39
Copyright (C) 2016 ARM Ltd and ARM Germany GmbH. All rights reserved.
License Information: 02072 02072 ELAN Flex license: MDK-ARM Standard Cortex-M only: 9 user(s) (mdk_cm_std) Operation stops: 
 
Tool Versions:
Toolchain:       MDK-ARM Standard Cortex-M only: 9 user(s)  Version: 5.26.2.0
Toolchain Path:  C:\Keil_v5\ARM\ARMCC\Bin
C Compiler:      Armcc.exe V5.06 update 6 (build 750)
Assembler:       Armasm.exe V5.06 update 6 (build 750)
Linker/Locator:  ArmLink.exe V5.06 update 6 (build 750)
Library Manager: ArmAr.exe V5.06 update 6 (build 750)
Hex Converter:   FromElf.exe V5.06 update 6 (build 750)
CPU DLL:         SARMCM3.DLL V5.26.2.0
Dialog DLL:      DCM.DLL V1.17.2.0
Target DLL:      STLink\ST-LINKIII-KEIL_SWO.dll V3.0.5.0
Dialog DLL:      TCM.DLL V1.36.1.0
 
<h2>Project:</h2>
C:\Users\02072\Documents\GitHub\STM32G474RE_TEMP\STM32F103ZE_SYS_TEMP\MDK-ARM\STM32F103ZE_SYS_TEMP.uvprojx
Project File Date:  04/14/2026

<h2>Output:</h2>
*** Using Compiler 'V5.06 update 6 (build 750)', folder: 'C:\Keil_v5\ARM\ARMCC\Bin'
Rebuild Project 'STM32F103ZE_SYS_TEMP' - Target 'STM32F103ZE_SYS_TEMP'
assembling startup_stm32f103xe.s...
compiling i2c.c...
compiling adc.c...
compiling dac.c...
compiling can.c...
compiling spi.c...
compiling crc.c...
compiling stm32f1xx_hal_msp.c...
compiling usart.c...
compiling gpio.c...
compiling tim.c...
compiling stm32f1xx_it.c...
compiling dma.c...
compiling stm32f1xx_hal_timebase_tim.c...
compiling freertos.c...
compiling main.c...
compiling stm32f1xx_hal_gpio_ex.c...
compiling stm32f1xx_hal_pwr.c...
compiling stm32f1xx_hal.c...
compiling stm32f1xx_hal_flash.c...
compiling stm32f1xx_hal_exti.c...
compiling stm32f1xx_hal_rcc_ex.c...
compiling stm32f1xx_hal_gpio.c...
compiling stm32f1xx_hal_tim_ex.c...
compiling stm32f1xx_hal_adc_ex.c...
compiling stm32f1xx_hal_adc.c...
compiling stm32f1xx_hal_flash_ex.c...
compiling stm32f1xx_hal_cortex.c...
compiling stm32f1xx_hal_dma.c...
compiling stm32f1xx_hal_rcc.c...
compiling stm32f1xx_hal_tim.c...
compiling stm32f1xx_hal_crc.c...
compiling stm32f1xx_hal_can.c...
compiling stm32f1xx_hal_dac.c...
compiling system_stm32f1xx.c...
compiling stm32f1xx_hal_uart.c...
compiling stm32f1xx_hal_dac_ex.c...
compiling sys_tick.c...
compiling gui_led.c...
compiling stm32f1xx_hal_spi.c...
compiling sys_malloc.c...
compiling mc_drv_six_.c...
compiling gui_key.c...
compiling dis_tft_lcd.c...
compiling rf_nrf24l01.c...
compiling event_groups.c...
compiling list.c...
compiling croutine.c...
compiling stm32f1xx_hal_i2c.c...
compiling stream_buffer.c...
compiling queue.c...
compiling timers.c...
compiling heap_4.c...
compiling tasks.c...
compiling port.c...
compiling com_ind_modbus.c...
C:\Users\02072\Documents\GitHub\STM32G474RE_TEMP\STM32F103ZE_SYS_TEMP\FW_LIB\com_ind_modbus.c(454): warning:  #1-D: last line of file ends without a newline
  */
..\FW_LIB\com_ind_modbus.c: 1 warning, 0 errors
compiling com_fc_servo.c...
C:\Users\02072\Documents\GitHub\STM32G474RE_TEMP\STM32F103ZE_SYS_TEMP\FW_LIB\com_fc_servo.c(995): warning:  #177-D: variable "t0"  was declared but never referenced
      uint32_t t0;
C:\Users\02072\Documents\GitHub\STM32G474RE_TEMP\STM32F103ZE_SYS_TEMP\FW_LIB\com_fc_servo.c(44): warning:  #550-D: variable "s_aux_us"  was set but never used
  static uint16_t s_aux_us[AUX_COUNT];        // aux_servo pulse widths (Âµs)
C:\Users\02072\Documents\GitHub\STM32G474RE_TEMP\STM32F103ZE_SYS_TEMP\FW_LIB\com_fc_servo.c(115): warning:  #177-D: function "ThrottleRamp"  was declared but never referenced
  static void ThrottleRamp(uint16_t max_throttle, uint32_t step_ms)
..\FW_LIB\com_fc_servo.c: 3 warnings, 0 errors
compiling com_fc_oneshot.c...
C:\Users\02072\Documents\GitHub\STM32G474RE_TEMP\STM32F103ZE_SYS_TEMP\FW_LIB\com_fc_oneshot.c(68): warning:  #550-D: variable "s_mode"  was set but never used
  static OneShot_Mode_t   s_mode;
..\FW_LIB\com_fc_oneshot.c: 1 warning, 0 errors
compiling com_fc_dshot.c...
C:\Users\02072\Documents\GitHub\STM32G474RE_TEMP\STM32F103ZE_SYS_TEMP\FW_LIB\com_fc_dshot.c(193): warning:  #177-D: function "DShot_GPIO_Init"  was declared but never referenced
  static void DShot_GPIO_Init(void)
C:\Users\02072\Documents\GitHub\STM32G474RE_TEMP\STM32F103ZE_SYS_TEMP\FW_LIB\com_fc_dshot.c(245): warning:  #177-D: function "DShot_DMA_Init"  was declared but never referenced
  static void DShot_DMA_Init(void)
..\FW_LIB\com_fc_dshot.c: 2 warnings, 0 errors
compiling cmsis_os2.c...
linking...
Program Size: Code=25376 RO-data=644 RW-data=248 ZI-data=999352  
FromELF: creating hex file...
"STM32F103ZE_SYS_TEMP\STM32F103ZE_SYS_TEMP.axf" - 0 Error(s), 7 Warning(s).

<h2>Software Packages used:</h2>

Package Vendor: ARM
                http://www.keil.com/pack/ARM.CMSIS.5.8.0.pack
                ARM::CMSIS:CORE:5.5.0
                CMSIS (Common Microcontroller Software Interface Standard)
   * Component: CORE Version: 5.5.0

<h2>Collection of Component include folders:</h2>
  C:\Users\02072\Documents\GitHub\STM32G474RE_TEMP\STM32F103ZE_SYS_TEMP\MDK-ARM\RTE
  C:\Keil_v5\ARM\PACK\ARM\CMSIS\5.8.0\CMSIS\Core\Include
  C:\Keil_v5\ARM\PACK\Keil\STM32F1xx_DFP\2.3.0\Device\Include

<h2>Collection of Component Files used:</h2>

   * Component: ARM::CMSIS:CORE:5.5.0
      Source file:   CMSIS\Core\Template\ARMv8-M\main_s.c
      Include file:  CMSIS\Core\Include\tz_context.h
      Source file:   CMSIS\Core\Template\ARMv8-M\tz_context.c
Build Time Elapsed:  00:00:24
</pre>
</body>
</html>
